// Jest Snapshot v1, https://goo.gl/fbAQLP

exports[`main <AppContainer /> renders correctly 1`] = `
<View
  collapsable={true}
  pointerEvents="box-none"
  style={
    Object {
      "flex": 1,
    }
  }
>
  <View
    style={
      Object {
        "flex": 1,
      }
    }
  >
    Children
  </View>
</View>
`;
